[0m16:45:45.136365 [debug] [MainThread]: Sending event: {'category': 'dbt', 'action': 'invocation', 'label': 'start', 'context': [<snowplow_tracker.self_describing_json.SelfDescribingJson object at 0x77c2cdd4a270>, <snowplow_tracker.self_describing_json.SelfDescribingJson object at 0x77c2cfbacb90>, <snowplow_tracker.self_describing_json.SelfDescribingJson object at 0x77c2cc6cf890>]}


============================== 16:45:45.142134 | 452cc6bb-350c-4b26-9b6d-d5b66ff19617 ==============================
[0m16:45:45.142134 [info ] [MainThread]: Running with dbt=1.12.4
[0m16:45:45.143162 [debug] [MainThread]: running dbt with arguments {'static_parser': 'True', 'hints_enabled': 'True', 'log_path': 'logs', 'send_anonymous_usage_stats': 'True', 'indirect_selection': 'eager', 'write_json': 'True', 'partial_parse': 'True', 'introspect': 'True', 'log_format': 'default', 'use_experimental_parser': 'False', 'printer_width': '80', 'version_check': 'True', 'target_path': 'None', 'use_colors': 'True', 'fail_fast': 'False', 'empty': 'None', 'cache_selected_only': 'False', 'no_print': 'None', 'maximum_seed_size_mib': '1', 'invocation_command': 'dbt init olist_dbt', 'warn_error': 'None', 'warn_error_options': 'WarnErrorOptionsV2(error=[], warn=[], silence=[])', 'quiet': 'False', 'profiles_dir': '/home/khoidagn/.dbt', 'debug': 'False', 'log_cache_events': 'False'}
[0m16:45:45.159799 [info ] [MainThread]: Creating dbt configuration folder at /home/khoidagn/.dbt
[0m16:45:45.162324 [debug] [MainThread]: Starter project path: /home/khoidagn/olist_dwh_project/venv/lib/python3.14/site-packages/dbt/include/starter_project
[0m16:45:45.166982 [info ] [MainThread]: Setting up your profile.
[0m23:20:01.038283 [info ] [MainThread]: Profile olist_dbt written to /home/khoidagn/.dbt/profiles.yml using target's profile_template.yml and your supplied values.
[0m23:20:01.040839 [info ] [MainThread]: Running dbt debug to validate the project...
[0m23:20:01.042203 [info ] [MainThread]: dbt version: 1.12.4
[0m23:20:01.043456 [info ] [MainThread]: python version: 3.14.4
[0m23:20:01.044959 [info ] [MainThread]: python path: /home/khoidagn/olist_dwh_project/venv/bin/python3
[0m23:20:01.046009 [info ] [MainThread]: os info: Linux-7.0.0-31-generic-x86_64-with-glibc2.43
[0m23:20:01.127846 [info ] [MainThread]: Using profiles dir at /home/khoidagn/.dbt
[0m23:20:01.128451 [info ] [MainThread]: Using profiles.yml file at /home/khoidagn/.dbt/profiles.yml
[0m23:20:01.128992 [info ] [MainThread]: Using dbt_project.yml file at /home/khoidagn/olist_dwh_project/olist_dbt/dbt_project.yml
[0m23:20:01.129473 [info ] [MainThread]: adapter type: bigquery
[0m23:20:01.129942 [info ] [MainThread]: adapter version: 1.12.0
[0m23:20:01.268242 [info ] [MainThread]: Configuration:
[0m23:20:01.268886 [info ] [MainThread]:   profiles.yml file [[32mOK found and valid[0m]
[0m23:20:01.269404 [info ] [MainThread]:   dbt_project.yml file [[32mOK found and valid[0m]
[0m23:20:01.269897 [info ] [MainThread]: Required dependencies:
[0m23:20:01.270401 [debug] [MainThread]: Executing "git --help"
[0m23:20:01.281484 [debug] [MainThread]: STDOUT: "b"usage: git [-v | --version] [-h | --help] [-C <path>] [-c <name>=<value>]\n           [--exec-path[=<path>]] [--html-path] [--man-path] [--info-path]\n           [-p | --paginate | -P | --no-pager] [--no-replace-objects] [--no-lazy-fetch]\n           [--no-optional-locks] [--no-advice] [--bare] [--git-dir=<path>]\n           [--work-tree=<path>] [--namespace=<name>] [--config-env=<name>=<envvar>]\n           <command> [<args>]\n\nThese are common Git commands used in various situations:\n\nstart a working area (see also: git help tutorial)\n   clone      Clone a repository into a new directory\n   init       Create an empty Git repository or reinitialize an existing one\n\nwork on the current change (see also: git help everyday)\n   add        Add file contents to the index\n   mv         Move or rename a file, a directory, or a symlink\n   restore    Restore working tree files\n   rm         Remove files from the working tree and from the index\n\nexamine the history and state (see also: git help revisions)\n   bisect     Use binary search to find the commit that introduced a bug\n   diff       Show changes between commits, commit and working tree, etc\n   grep       Print lines matching a pattern\n   log        Show commit logs\n   show       Show various types of objects\n   status     Show the working tree status\n\ngrow, mark and tweak your common history\n   backfill   Download missing objects in a partial clone\n   branch     List, create, or delete branches\n   commit     Record changes to the repository\n   merge      Join two or more development histories together\n   rebase     Reapply commits on top of another base tip\n   reset      Set `HEAD` or the index to a known state\n   switch     Switch branches\n   tag        Create, list, delete or verify tags\n\ncollaborate (see also: git help workflows)\n   fetch      Download objects and refs from another repository\n   pull       Fetch from and integrate with another repository or a local branch\n   push       Update remote refs along with associated objects\n\n'git help -a' and 'git help -g' list available subcommands and some\nconcept guides. See 'git help <command>' or 'git help <concept>'\nto read about a specific subcommand or concept.\nSee 'git help git' for an overview of the system.\n""
[0m23:20:01.282380 [debug] [MainThread]: STDERR: "b''"
[0m23:20:01.283044 [info ] [MainThread]:  - git [[32mOK found[0m]

[0m23:20:01.283735 [info ] [MainThread]: Connection:
[0m23:20:01.284697 [info ] [MainThread]:   method: service-account
[0m23:20:01.285503 [info ] [MainThread]:   database: data-warehouse-group-5
[0m23:20:01.286361 [info ] [MainThread]:   execution_project: data-warehouse-group-5
[0m23:20:01.287134 [info ] [MainThread]:   schema: dbt_staging
[0m23:20:01.287608 [info ] [MainThread]:   location: US
[0m23:20:01.288300 [info ] [MainThread]:   priority: interactive
[0m23:20:01.289233 [info ] [MainThread]:   maximum_bytes_billed: None
[0m23:20:01.290045 [info ] [MainThread]:   reservation: None
[0m23:20:01.290808 [info ] [MainThread]:   impersonate_service_account: None
[0m23:20:01.291538 [info ] [MainThread]:   job_retry_deadline_seconds: None
[0m23:20:01.292323 [info ] [MainThread]:   job_retries: 1
[0m23:20:01.293199 [info ] [MainThread]:   job_creation_timeout_seconds: None
[0m23:20:01.294070 [info ] [MainThread]:   job_execution_timeout_seconds: 300
[0m23:20:01.294919 [info ] [MainThread]:   job_link_info_level_log: False
[0m23:20:01.295733 [info ] [MainThread]:   timeout_seconds: 300
[0m23:20:01.296601 [info ] [MainThread]:   client_id: None
[0m23:20:01.297599 [info ] [MainThread]:   token_uri: None
[0m23:20:01.298558 [info ] [MainThread]:   compute_region: None
[0m23:20:01.299442 [info ] [MainThread]:   dataproc_cluster_name: None
[0m23:20:01.300386 [info ] [MainThread]:   gcs_bucket: None
[0m23:20:01.301135 [info ] [MainThread]:   dataproc_batch: None
[0m23:20:01.302339 [info ] [MainThread]: Registered adapter: bigquery=1.12.0
[0m23:20:01.453010 [debug] [MainThread]: Acquiring new bigquery connection 'debug'
[0m23:20:01.453506 [debug] [MainThread]: On debug: select 1 as id
[0m23:20:01.453994 [debug] [MainThread]: Opening a new connection, currently in state init
[0m23:20:01.454474 [debug] [MainThread]: BigQuery adapter: Got an error when attempting to create a bigquery " "client: '[Errno 2] No such file or directory: '~/olist_dwh_project/sa_key.json''
[0m23:20:01.454982 [debug] [MainThread]: BigQuery adapter: Unhandled error while running:
select 1 as id
[0m23:20:01.455370 [debug] [MainThread]: BigQuery adapter: Database Error
  [Errno 2] No such file or directory: '~/olist_dwh_project/sa_key.json'
[0m23:20:01.455815 [info ] [MainThread]:   Connection test: [[31mERROR[0m]

[0m23:20:01.456246 [info ] [MainThread]: [31m1 check failed:[0m
[0m23:20:01.456720 [info ] [MainThread]: dbt was unable to connect to the specified database.
The database returned the following error:

  >'NoneType' object has no attribute 'close'

Check your database credentials and try again. For more information, visit:
https://docs.getdbt.com/docs/configure-your-profile


[0m23:20:01.457276 [info ] [MainThread]: Your new dbt project "olist_dbt" was created!
Initialized new project in /home/khoidagn/olist_dwh_project/olist_dbt/olist_dbt

For more information on how to configure the profiles.yml file,
please consult the dbt documentation here:

  https://docs.getdbt.com/docs/configure-your-profile

One more thing:

Need help? Don't hesitate to reach out to us via GitHub issues or on Slack:

  https://community.getdbt.com/

Happy modeling!

[0m23:20:01.457924 [info ] [MainThread]: [31mYour profile may need adjustments. You can find the logs of `dbt debug` above[0m
[0m23:20:01.458915 [debug] [MainThread]: Resource report: {"command_name": "init", "command_success": true, "command_wall_clock_time": 1784.5278, "process_in_blocks": "5824", "process_kernel_time": 0.321466, "process_mem_max_rss": "289648", "process_out_blocks": "96", "process_user_time": 3.413101}
[0m23:20:01.459930 [debug] [MainThread]: Command `dbt init` succeeded at 23:20:01.459774 after 1784.53 seconds
[0m23:20:01.460475 [debug] [MainThread]: Sending event: {'category': 'dbt', 'action': 'invocation', 'label': 'end', 'context': [<snowplow_tracker.self_describing_json.SelfDescribingJson object at 0x77c2b4a62650>, <snowplow_tracker.self_describing_json.SelfDescribingJson object at 0x77c2b49cd490>, <snowplow_tracker.self_describing_json.SelfDescribingJson object at 0x77c2b4927020>]}
[0m23:20:01.461092 [debug] [MainThread]: Flushing usage events
[0m23:20:03.325553 [debug] [MainThread]: An error was encountered while trying to flush usage events
[0m13:32:36.868953 [debug] [MainThread]: Sending event: {'category': 'dbt', 'action': 'invocation', 'label': 'start', 'context': [<snowplow_tracker.self_describing_json.SelfDescribingJson object at 0x713cb7d4a270>, <snowplow_tracker.self_describing_json.SelfDescribingJson object at 0x713cb9bacb90>, <snowplow_tracker.self_describing_json.SelfDescribingJson object at 0x713cb652f890>]}


============================== 13:32:36.874464 | 6eb2e0b1-64a6-4da2-94d1-74d9d74f3efc ==============================
[0m13:32:36.874464 [info ] [MainThread]: Running with dbt=1.12.4
[0m13:32:36.875243 [debug] [MainThread]: running dbt with arguments {'quiet': 'False', 'use_experimental_parser': 'False', 'warn_error_options': 'WarnErrorOptionsV2(error=[], warn=[], silence=[])', 'version_check': 'True', 'hints_enabled': 'True', 'invocation_command': 'dbt show --select fct_orders_sales', 'printer_width': '80', 'warn_error': 'None', 'use_colors': 'True', 'static_parser': 'True', 'cache_selected_only': 'False', 'maximum_seed_size_mib': '1', 'debug': 'False', 'empty': 'None', 'send_anonymous_usage_stats': 'True', 'log_path': 'logs', 'indirect_selection': 'eager', 'log_cache_events': 'False', 'target_path': 'None', 'write_json': 'True', 'introspect': 'True', 'fail_fast': 'False', 'profiles_dir': '/home/khoidagn/.dbt', 'no_print': 'None', 'partial_parse': 'True', 'log_format': 'default'}
[0m13:32:36.875918 [error] [MainThread]: [[31mERROR[0m]: Encountered an error:
Runtime Error
  No dbt_project.yml found at expected path /home/khoidagn/olist_dwh_project/dbt_project.yml
  Verify that each entry within packages.yml (and their transitive dependencies) contains a file named dbt_project.yml
  
[0m13:32:36.877931 [debug] [MainThread]: Resource report: {"command_name": "show", "command_success": false, "command_wall_clock_time": 0.11907224, "process_in_blocks": "66488", "process_kernel_time": 0.20919, "process_mem_max_rss": "118036", "process_out_blocks": "8", "process_user_time": 2.137166}
[0m13:32:36.878565 [debug] [MainThread]: Command `dbt show` failed at 13:32:36.878442 after 0.12 seconds
[0m13:32:36.879029 [debug] [MainThread]: Sending event: {'category': 'dbt', 'action': 'invocation', 'label': 'end', 'context': [<snowplow_tracker.self_describing_json.SelfDescribingJson object at 0x713cb66a1480>, <snowplow_tracker.self_describing_json.SelfDescribingJson object at 0x713cb66bec30>, <snowplow_tracker.self_describing_json.SelfDescribingJson object at 0x713cb654b350>]}
[0m13:32:36.879546 [debug] [MainThread]: Flushing usage events
[0m13:32:38.111482 [debug] [MainThread]: An error was encountered while trying to flush usage events
[0m10:04:15.247613 [debug] [MainThread]: Sending event: {'category': 'dbt', 'action': 'invocation', 'label': 'start', 'context': [<snowplow_tracker.self_describing_json.SelfDescribingJson object at 0x763207d4e270>, <snowplow_tracker.self_describing_json.SelfDescribingJson object at 0x763209bb0cd0>, <snowplow_tracker.self_describing_json.SelfDescribingJson object at 0x763206533890>]}


============================== 10:04:15.254898 | 6f52b213-9ed5-43e7-b5da-d5cf7095a1a2 ==============================
[0m10:04:15.254898 [info ] [MainThread]: Running with dbt=1.12.4
[0m10:04:15.255977 [debug] [MainThread]: running dbt with arguments {'static_parser': 'True', 'printer_width': '80', 'warn_error_options': 'WarnErrorOptionsV2(error=[], warn=[], silence=[])', 'quiet': 'False', 'version_check': 'True', 'log_cache_events': 'False', 'log_path': 'logs', 'cache_selected_only': 'False', 'maximum_seed_size_mib': '1', 'empty': 'False', 'fail_fast': 'False', 'log_format': 'default', 'warn_error': 'None', 'profiles_dir': '/home/khoidagn/.dbt', 'use_colors': 'True', 'invocation_command': 'dbt run --select marts', 'no_print': 'None', 'hints_enabled': 'True', 'use_experimental_parser': 'False', 'debug': 'False', 'target_path': 'None', 'send_anonymous_usage_stats': 'True', 'indirect_selection': 'eager', 'introspect': 'True', 'partial_parse': 'True', 'write_json': 'True'}
[0m10:04:15.256665 [error] [MainThread]: [[31mERROR[0m]: Encountered an error:
Runtime Error
  No dbt_project.yml found at expected path /home/khoidagn/olist_dwh_project/dbt_project.yml
  Verify that each entry within packages.yml (and their transitive dependencies) contains a file named dbt_project.yml
  
[0m10:04:15.258517 [debug] [MainThread]: Resource report: {"command_name": "run", "command_success": false, "command_wall_clock_time": 0.112482496, "process_in_blocks": "65344", "process_kernel_time": 0.213035, "process_mem_max_rss": "117948", "process_out_blocks": "8", "process_user_time": 2.068634}
[0m10:04:15.259200 [debug] [MainThread]: Command `dbt run` failed at 10:04:15.259074 after 0.11 seconds
[0m10:04:15.259676 [debug] [MainThread]: Sending event: {'category': 'dbt', 'action': 'invocation', 'label': 'end', 'context': [<snowplow_tracker.self_describing_json.SelfDescribingJson object at 0x7632066a1480>, <snowplow_tracker.self_describing_json.SelfDescribingJson object at 0x7632066c2c30>, <snowplow_tracker.self_describing_json.SelfDescribingJson object at 0x76320654f350>]}
[0m10:04:15.260163 [debug] [MainThread]: Flushing usage events
[0m10:04:16.436356 [debug] [MainThread]: An error was encountered while trying to flush usage events
[0m13:32:31.188089 [debug] [MainThread]: Sending event: {'category': 'dbt', 'action': 'invocation', 'label': 'start', 'context': [<snowplow_tracker.self_describing_json.SelfDescribingJson object at 0x750555662270>, <snowplow_tracker.self_describing_json.SelfDescribingJson object at 0x7505574c8b90>, <snowplow_tracker.self_describing_json.SelfDescribingJson object at 0x750553e47890>]}


============================== 13:32:31.194205 | 31abdeca-bcf6-4ebb-96e3-07e3dcd48b39 ==============================
[0m13:32:31.194205 [info ] [MainThread]: Running with dbt=1.12.4
[0m13:32:31.195203 [debug] [MainThread]: running dbt with arguments {'debug': 'False', 'static_parser': 'True', 'maximum_seed_size_mib': '1', 'indirect_selection': 'eager', 'warn_error_options': 'WarnErrorOptionsV2(error=[], warn=[], silence=[])', 'log_format': 'default', 'fail_fast': 'False', 'use_experimental_parser': 'False', 'warn_error': 'None', 'partial_parse': 'True', 'log_path': 'logs', 'write_json': 'True', 'version_check': 'True', 'use_colors': 'True', 'introspect': 'True', 'empty': 'False', 'send_anonymous_usage_stats': 'True', 'profiles_dir': '/home/khoidagn/.dbt', 'cache_selected_only': 'False', 'no_print': 'None', 'target_path': 'None', 'printer_width': '80', 'invocation_command': 'dbt run --select int_customers_deduplicated', 'log_cache_events': 'False', 'hints_enabled': 'True', 'quiet': 'False'}
[0m13:32:31.195928 [error] [MainThread]: [[31mERROR[0m]: Encountered an error:
Runtime Error
  No dbt_project.yml found at expected path /home/khoidagn/olist_dwh_project/dbt_project.yml
  Verify that each entry within packages.yml (and their transitive dependencies) contains a file named dbt_project.yml
  
[0m13:32:31.197478 [debug] [MainThread]: Resource report: {"command_name": "run", "command_success": false, "command_wall_clock_time": 0.10397064, "process_in_blocks": "32112", "process_kernel_time": 0.195021, "process_mem_max_rss": "118408", "process_out_blocks": "16", "process_user_time": 2.088655}
[0m13:32:31.198168 [debug] [MainThread]: Command `dbt run` failed at 13:32:31.198044 after 0.10 seconds
[0m13:32:31.198648 [debug] [MainThread]: Sending event: {'category': 'dbt', 'action': 'invocation', 'label': 'end', 'context': [<snowplow_tracker.self_describing_json.SelfDescribingJson object at 0x750553fb9480>, <snowplow_tracker.self_describing_json.SelfDescribingJson object at 0x750553fd6c30>, <snowplow_tracker.self_describing_json.SelfDescribingJson object at 0x750553e63350>]}
[0m13:32:31.199139 [debug] [MainThread]: Flushing usage events
[0m13:32:32.446914 [debug] [MainThread]: An error was encountered while trying to flush usage events
